apiVersion: v1
automountServiceAccountToken: false
kind: ServiceAccount
metadata:
  labels:
    app.kubernetes.io/instance: etcd
    app.kubernetes.io/managed-by: Helm
    app.kubernetes.io/name: etcd
    app.kubernetes.io/version: 3.5.12
    helm.sh/chart: etcd-9.15.2
  name: etcd
  namespace: syn-etcd
